data/aggregated/monthly/breakfast/31254742725_17627_transactions.csv
"UNITS","PRICE","BASE_PRICE","FEATURE","DISPLAY","TPR_ONLY","MONTH","YEAR","DATE"
8,4.59,4.59,0,0,0,1,2009,"1-1-2009"
3,4.59,4.59,0,0,0,2,2009,"1-2-2009"
12,4.59,4.59,0,0,0,3,2009,"1-3-2009"
9,4.59,4.59,0,0,0,4,2009,"1-4-2009"
3,4.59,4.59,0,0,0,5,2009,"1-5-2009"
5,4.59,4.59,0,0,0,6,2009,"1-6-2009"
34,3.812,4.59,2,0,1,7,2009,"1-7-2009"
7,3.79,4.59,0,0,2,8,2009,"1-8-2009"
9,4.59,4.59,0,0,0,9,2009,"1-9-2009"
5,4.59,4.59,0,0,0,10,2009,"1-10-2009"
5,4.05666666666667,4.59,1,0,0,11,2009,"1-11-2009"
9,3.95,4.59,0,0,2,12,2009,"1-12-2009"
4,4.59,4.59,0,0,0,1,2010,"1-1-2010"
8,4.59,4.59,0,0,0,2,2010,"1-2-2010"
26,3.836,4.59,2,0,1,3,2010,"1-3-2010"
7,4.19,4.59,0,0,1,4,2010,"1-4-2010"
7,4.59,4.59,0,0,0,5,2010,"1-5-2010"
10,4.59,4.59,0,0,0,6,2010,"1-6-2010"
18,3.53,4.59,1,0,1,7,2010,"1-7-2010"
20,3.795,4.59,0,0,2,8,2010,"1-8-2010"
17,4.59,4.59,0,0,0,9,2010,"1-9-2010"
11,4.59,4.59,0,0,0,10,2010,"1-10-2010"
16,3.3975,4.59,0,0,3,11,2010,"1-11-2010"
13,4.12666666666667,4.59,0,0,1,12,2010,"1-12-2010"
11,4.59,4.59,0,0,0,1,2011,"1-1-2011"
17,3.795,4.59,0,0,2,2,2011,"1-2-2011"
13,4.59,4.59,0,0,0,3,2011,"1-3-2011"
11,4.3175,4.59,0,0,1,4,2011,"1-4-2011"
16,3.8125,4.59,0,0,3,5,2011,"1-5-2011"
12,4.59,4.59,0,0,0,6,2011,"1-6-2011"
22,3.755,4.59,0,0,2,7,2011,"1-7-2011"
24,4.01,4.65,0,0,2,8,2011,"1-8-2011"
6,4.45,4.61,0,0,1,9,2011,"1-9-2011"
7,4.69,4.69,0,0,0,10,2011,"1-10-2011"
13,4.69,4.69,0,0,0,11,2011,"1-11-2011"
8,4.69,4.69,0,0,0,12,2011,"1-12-2011"
2,4.69,4.69,0,0,0,1,2012,"1-1-2012"
